INFO:     Will watch for changes in these directories: ['/app']
ERROR:    [Errno 98] Address already in use
2025-12-19 01:03:10,679 - ERROR - Error communicating with Jellyseerr API: [Errno 111] Connection refused
ERROR:root:_request: Error communicating with Jellyseerr API: [Errno 111] Connection refused
INFO:     127.0.0.1:34340 - "GET / HTTP/1.1" 200 OK
2025-12-19 01:04:10,723 - ERROR - Error communicating with Jellyseerr API: [Errno 111] Connection refused
ERROR:root:_request: Error communicating with Jellyseerr API: [Errno 111] Connection refused
2025-12-19 01:05:10,766 - ERROR - Error communicating with Jellyseerr API: [Errno 111] Connection refused
ERROR:root:_request: Error communicating with Jellyseerr API: [Errno 111] Connection refused
2025-12-19 01:06:10,813 - ERROR - Error communicating with Jellyseerr API: [Errno 111] Connection refused
ERROR:root:_request: Error communicating with Jellyseerr API: [Errno 111] Connection refused
2025-12-19 01:07:10,899 - ERROR - Error communicating with Jellyseerr API: [Errno 111] Connection refused
ERROR:root:_request: Error communicating with Jellyseerr API: [Errno 111] Connection refused
2025-12-19 01:08:10,946 - ERROR - Error communicating with Jellyseerr API: [Errno 111] Connection refused
ERROR:root:_request: Error communicating with Jellyseerr API: [Errno 111] Connection refused
2025-12-19 01:09:10,989 - ERROR - Error communicating with Jellyseerr API: [Errno 111] Connection refused
ERROR:root:_request: Error communicating with Jellyseerr API: [Errno 111] Connection refused
2025-12-19 01:10:11,031 - ERROR - Error communicating with Jellyseerr API: [Errno 111] Connection refused
ERROR:root:_request: Error communicating with Jellyseerr API: [Errno 111] Connection refused
2025-12-19 01:11:11,124 - ERROR - Error communicating with Jellyseerr API: [Errno 111] Connection refused
ERROR:root:_request: Error communicating with Jellyseerr API: [Errno 111] Connection refused
WARNING:  StatReload detected changes in 'jellyseerr-aniworld-bridge/jellyseerr_aniworld_bridge/aniworld_client.py'. Reloading...
INFO:     Shutting down
INFO:     Waiting for application shutdown.
INFO:     Application shutdown complete.
INFO:     Finished server process [19233]
Traceback (most recent call last):
  File "<string>", line 1, in <module>
  File "/home/jules/.pyenv/versions/3.12.12/lib/python3.12/multiprocessing/spawn.py", line 122, in spawn_main
    exitcode = _main(fd, parent_sentinel)
               ^^^^^^^^^^^^^^^^^^^^^^^^^^
  File "/home/jules/.pyenv/versions/3.12.12/lib/python3.12/multiprocessing/spawn.py", line 131, in _main
    prepare(preparation_data)
  File "/home/jules/.pyenv/versions/3.12.12/lib/python3.12/multiprocessing/spawn.py", line 246, in prepare
    _fixup_main_from_path(data['init_main_from_path'])
  File "/home/jules/.pyenv/versions/3.12.12/lib/python3.12/multiprocessing/spawn.py", line 297, in _fixup_main_from_path
    main_content = runpy.run_path(main_path,
                   ^^^^^^^^^^^^^^^^^^^^^^^^^
  File "<frozen runpy>", line 287, in run_path
  File "<frozen runpy>", line 98, in _run_module_code
  File "<frozen runpy>", line 88, in _run_code
  File "/app/jellyseerr-aniworld-bridge/main.py", line 3, in <module>
    from jellyseerr_aniworld_bridge.webapp.main import app
  File "/app/jellyseerr-aniworld-bridge/jellyseerr_aniworld_bridge/webapp/main.py", line 9, in <module>
    from ..service import BridgeService, get_bridge_service
  File "/app/jellyseerr-aniworld-bridge/jellyseerr_aniworld_bridge/service.py", line 9, in <module>
    from .aniworld_client import AniWorldClientWrapper
  File "/app/jellyseerr-aniworld-bridge/jellyseerr_aniworld_bridge/aniworld_client.py", line 6, in <module>
    from aniworld.search import search_anime
ImportError: cannot import name 'search_anime' from 'aniworld.search' (/home/jules/.pyenv/versions/3.12.12/lib/python3.12/site-packages/aniworld/search.py). Did you mean: 'search_movie'?
WARNING:  StatReload detected changes in 'jellyseerr-aniworld-bridge/jellyseerr_aniworld_bridge/mapper.py'. Reloading...
Traceback (most recent call last):
  File "<string>", line 1, in <module>
  File "/home/jules/.pyenv/versions/3.12.12/lib/python3.12/multiprocessing/spawn.py", line 122, in spawn_main
    exitcode = _main(fd, parent_sentinel)
               ^^^^^^^^^^^^^^^^^^^^^^^^^^
  File "/home/jules/.pyenv/versions/3.12.12/lib/python3.12/multiprocessing/spawn.py", line 131, in _main
    prepare(preparation_data)
  File "/home/jules/.pyenv/versions/3.12.12/lib/python3.12/multiprocessing/spawn.py", line 246, in prepare
    _fixup_main_from_path(data['init_main_from_path'])
  File "/home/jules/.pyenv/versions/3.12.12/lib/python3.12/multiprocessing/spawn.py", line 297, in _fixup_main_from_path
    main_content = runpy.run_path(main_path,
                   ^^^^^^^^^^^^^^^^^^^^^^^^^
  File "<frozen runpy>", line 287, in run_path
  File "<frozen runpy>", line 98, in _run_module_code
  File "<frozen runpy>", line 88, in _run_code
  File "/app/jellyseerr-aniworld-bridge/main.py", line 3, in <module>
    from jellyseerr_aniworld_bridge.webapp.main import app
  File "/app/jellyseerr-aniworld-bridge/jellyseerr_aniworld_bridge/webapp/main.py", line 9, in <module>
    from ..service import BridgeService, get_bridge_service
  File "/app/jellyseerr-aniworld-bridge/jellyseerr_aniworld_bridge/service.py", line 9, in <module>
    from .aniworld_client import AniWorldClientWrapper
  File "/app/jellyseerr-aniworld-bridge/jellyseerr_aniworld_bridge/aniworld_client.py", line 6, in <module>
    from aniworld.search import search_anime
ImportError: cannot import name 'search_anime' from 'aniworld.search' (/home/jules/.pyenv/versions/3.12.12/lib/python3.12/site-packages/aniworld/search.py). Did you mean: 'search_movie'?
WARNING:  StatReload detected changes in 'jellyseerr-aniworld-bridge/jellyseerr_aniworld_bridge/aniworld_client.py'. Reloading...
INFO:     Started server process [22671]
INFO:     Waiting for application startup.
INFO:     Application startup complete.
2025-12-19 01:12:52,286 - ERROR - Error communicating with Jellyseerr API: [Errno 111] Connection refused
ERROR:root:_request: Error communicating with Jellyseerr API: [Errno 111] Connection refused
WARNING:  StatReload detected changes in 'jellyseerr-aniworld-bridge/jellyseerr_aniworld_bridge/aniworld_client.py'. Reloading...
INFO:     Shutting down
INFO:     Waiting for application shutdown.
INFO:     Application shutdown complete.
INFO:     Finished server process [22671]
INFO:     Started server process [22702]
INFO:     Waiting for application startup.
INFO:     Application startup complete.
2025-12-19 01:12:58,315 - ERROR - Error communicating with Jellyseerr API: [Errno 111] Connection refused
ERROR:root:_request: Error communicating with Jellyseerr API: [Errno 111] Connection refused
2025-12-19 01:13:58,359 - ERROR - Error communicating with Jellyseerr API: [Errno 111] Connection refused
ERROR:root:_request: Error communicating with Jellyseerr API: [Errno 111] Connection refused
